#-----------------------------------------------------------
# Vivado v2018.3 (64-bit)
# SW Build 2405991 on Thu Dec  6 23:36:41 MST 2018
# IP Build 2404404 on Fri Dec  7 01:43:56 MST 2018
# Start of session at: Thu Jan 20 21:36:01 2022
# Process ID: 3494
# Current directory: /home/daniel/MAPD/MAPD
# Command line: vivado
# Log file: /home/daniel/MAPD/MAPD/vivado.log
# Journal file: /home/daniel/MAPD/MAPD/vivado.jou
#-----------------------------------------------------------
start_gui
create_project JakeBubble /home/daniel/MAPD/MAPD/JakeBubble -part xc7a12ticsg325-1L
set_property target_language VHDL [current_project]
set_property simulator_language VHDL [current_project]
add_files -norecurse {/home/daniel/MAPD/MAPDnoGit2/bubble_sort_jake/UART_RX.vhd /home/daniel/MAPD/MAPDnoGit2/bubble_sort_jake/top.vhd /home/daniel/MAPD/MAPDnoGit2/bubble_sort_jake/UART_TX.vhd /home/daniel/MAPD/MAPDnoGit2/bubble_sort_jake/bubble_sort.vhd}
add_files -fileset constrs_1 -norecurse /home/daniel/MAPD/MAPDnoGit2/bubble_sort_jake/master_const.xdc
update_compile_order -fileset sources_1
open_project /home/daniel/MAPD/myworld/myworld.xpr
update_compile_order -fileset sources_1
open_hw
connect_hw_server -url localhost:3121
current_hw_target [get_hw_targets */xilinx_tcf/Digilent/210319A92C61A]
set_property PARAM.FREQUENCY 15000000 [get_hw_targets */xilinx_tcf/Digilent/210319A92C61A]
open_hw_target
set_property PROGRAM.FILE {/home/daniel/MAPD/myworld/myworld.runs/impl_1/top.bit} [get_hw_devices xc7a100t_0]
current_hw_device [get_hw_devices xc7a100t_0]
refresh_hw_device -update_hw_probes false [lindex [get_hw_devices xc7a100t_0] 0]
set_property PROBES.FILE {} [get_hw_devices xc7a100t_0]
set_property FULL_PROBES.FILE {} [get_hw_devices xc7a100t_0]
set_property PROGRAM.FILE {/home/daniel/MAPD/myworld/myworld.runs/impl_1/top.bit} [get_hw_devices xc7a100t_0]
program_hw_devices [get_hw_devices xc7a100t_0]
refresh_hw_device [lindex [get_hw_devices xc7a100t_0] 0]
reset_run synth_1
launch_runs impl_1 -to_step write_bitstream -jobs 2
wait_on_run impl_1
set_property PROBES.FILE {} [get_hw_devices xc7a100t_0]
set_property FULL_PROBES.FILE {} [get_hw_devices xc7a100t_0]
set_property PROGRAM.FILE {/home/daniel/MAPD/myworld/myworld.runs/impl_1/top.bit} [get_hw_devices xc7a100t_0]
program_hw_devices [get_hw_devices xc7a100t_0]
refresh_hw_device [lindex [get_hw_devices xc7a100t_0] 0]
reset_run synth_1
launch_runs impl_1 -to_step write_bitstream -jobs 2
wait_on_run impl_1
open_run impl_1
set_property PROBES.FILE {} [get_hw_devices xc7a100t_0]
set_property FULL_PROBES.FILE {} [get_hw_devices xc7a100t_0]
set_property PROGRAM.FILE {/home/daniel/MAPD/myworld/myworld.runs/impl_1/top.bit} [get_hw_devices xc7a100t_0]
program_hw_devices [get_hw_devices xc7a100t_0]
refresh_hw_device [lindex [get_hw_devices xc7a100t_0] 0]
current_project JakeBubble
launch_runs impl_1 -to_step write_bitstream -jobs 2
wait_on_run impl_1
reset_run synth_1
launch_runs impl_1 -to_step write_bitstream -jobs 2
wait_on_run impl_1
reset_run synth_1
launch_runs impl_1 -to_step write_bitstream -jobs 2
wait_on_run impl_1
reset_run synth_1
launch_runs impl_1 -to_step write_bitstream -jobs 2
wait_on_run impl_1
reset_run synth_1
launch_runs impl_1 -to_step write_bitstream -jobs 2
wait_on_run impl_1
reset_run synth_1
launch_runs impl_1 -to_step write_bitstream -jobs 2
wait_on_run impl_1
reset_run synth_1
launch_runs impl_1 -to_step write_bitstream -jobs 2
wait_on_run impl_1
reset_run synth_1
launch_runs impl_1 -to_step write_bitstream -jobs 2
wait_on_run impl_1
reset_run synth_1
launch_runs impl_1 -to_step write_bitstream -jobs 2
wait_on_run impl_1
close_project
